---
source: crates/scene/tests/diagnostics.rs
expression: rendered
---
scene/duplicate-node

  × duplicate `scene` declaration
   ╭─[duplicate_scene_top_level.kdl:1:1]
 1 │ scene "a" {
   · ──┬──
   ·   ╰── first declared here
 2 │ }
 3 │ scene "b" {
   · ──┬──
   ·   ╰── duplicate here
 4 │ }
   ╰────
  help: This node only accepts one declaration per scene. Remove the later occurrence or merge them upstream in `extends`.
