---
source: crates/scene/tests/diagnostics.rs
expression: rendered
---
op/unresolved-ref

  × op `ark.core.mount_plugin` references unknown plugin `pickre`
   ╭─[op_mount_plugin_missing.kdl:4:22]
 3 │     on "AgentReady" {
 4 │         mount_plugin name="pickre"
   ·                      ──────┬──────
   ·                            ╰── no such plugin declared in this scene
 5 │     }
   ╰────
  help: did you mean `picker`? Available plugins: picker.
