---
source: crates/scene/tests/diagnostics.rs
expression: rendered
---
scene/parse

  × scene file is not valid KDL
   ╭─[scene_without_name.kdl:1:1]
 1 │ ╭─▶ scene {
 2 │ ├─▶ }
   · ╰──── here
   ╰────
  help: KDL 2.0 syntax error — see the caret below. Run `ark scene fmt` on a known-good reference to compare shapes.
