---
source: crates/scene/tests/errors.rs
expression: render(err)
---
scene/view-type-mismatch

  × view-type mismatch on `subagent.send` arg `target`: expected view `claude_session`, got `shell`
   ╭─[scene.kdl:1:13]
 1 │ scene "x" { bad }
   ·             ─┬─
   ·              ╰── expected view does not match declared handle type
   ╰────
  help: Exact-match only per R-8 (union/OneOf deferred). Either change the scene to reference a handle of the expected view, or change the op/view attr's declared type.
